// Jest Snapshot v1, https://goo.gl/fbAQLP

exports[`TodoItem suite Should match snapshots 1`] = `
<div class="todo-item"><span class="">Test title</span> <button>
    complete
  </button></div>
`;
